---
source: src/render/terminal.rs
expression: "render(&rows(&sample()), &range(), layout)"
---
[1mCompleted work[0m
Mon 14 Sep – Tue 15 Sep 2026 · 3 items

[1mMonday 14 September[0m
  [36mPR[0m     [35m#12[0m  ]8;;https://github.com/o/r/pull/12\Add retries to the upload path]8;;\  [35mo/r[0m
  [32mIssue[0m  [35m#7[0m   ]8;;https://github.com/o/r/issues/7\Flaky integration test]8;;\          [35mo/r[0m

[1mTuesday 15 September[0m
  [36mPR[0m     [35m#13[0m  ]8;;https://github.com/other/repo/pull/13\Drop the | separator]8;;\            [35mother/repo[0m

────────────────────────────────────────────────────────
[1m3 items[0m · [32m1 Issue[0m · [36m2 PRs[0m · [35m2 repositories[0m
