---
source: src/render/terminal.rs
expression: out
---
Completed work  2026-09-14 .. 2026-09-15 14:30

DATE        TYPE   ITEM
2026-09-14  pr     #12 Add retries to the upload path  o/r
            issue  #7 Flaky integration test  o/r
2026-09-15  pr     #13 Drop the | separator  other/repo

3 items  1 issue  2 pr
